---
source: crates/vim9-lexer/src/lib.rs
assertion_line: 572
expression: snapshot_lexing(contents)
---
vim9script
^^^^^^^^^^ Token(Identifier, "vim9script", (0,0)->(0,10))
           Token(EndOfLine, "\n", (0,10)->(0,10))

 Token(EndOfLine, "\n", (1,0)->(1,0))
var x = @/
^^^ Token(Identifier, "var", (2,0)->(2,3))
    ^ Token(Identifier, "x", (2,4)->(2,5))
      ^ Token(Equal, "=", (2,6)->(2,7))
        ^ Token(Register, "/", (2,8)->(2,9))
           Token(EndOfLine, "\n", (2,10)->(2,10))

