---
source: src/lib.rs
assertion_line: 373
expression: snapshot_parsing(contents)
---
[
    Vim9Script(
        Vim9ScriptCommand {
            noclear: true,
            eol: Token(EndOfLine, "\n", (0,18)->(0,18)),
        },
    ),
    Comment(
        Token(Comment, "# Exit quickly when loading", (2,0)->(2,27)),
    ),
    NoOp(
        Token(Identifier, "exists", (3,3)->(3,9)),
    ),
    NoOp(
        Token(Illegal, "'", (3,10)->(3,10)),
    ),
    NoOp(
        Token(Colon, ":", (3,12)->(3,12)),
    ),
    NoOp(
        Token(Illegal, "'", (3,30)->(3,30)),
    ),
    NoOp(
        Token(Or, "||", (3,33)->(3,34)),
    ),
    NoOp(
        Token(Identifier, "cp", (3,37)->(3,39)),
    ),
]
