---
source: src/lib.rs
assertion_line: 196
expression: snapshot_parsing(contents)
---
[
    Vim9Script(
        Vim9ScriptCommand {
            noclear: false,
        },
    ),
    Var(
        VarCommand {
            var: Token(Identifier, "var", (2,0)->(2,3)),
            name: Identifier(
                RawIdentifier {
                    name: "x",
                },
            ),
            equal: Token(Equal, "=", (2,6)->(2,6)),
            expr: Number(
                Number {
                    value: "\n",
                },
            ),
        },
    ),
]
