---
source: src/lexer/mod.rs
assertion_line: 673
expression: "tokenize(format!(\"vim9script\\n{}\", constants :: TERRIBLE_BENCHMARK),\n         tokenizer::new_file).unwrap()"

---
[
    Token<0,Vim9Script> = 'vim9script',
    Token<1,NewLine> = '\n',
    Token<2,NewLine> = '\n',
    Token<2,CommandVar> = 'var',
    Token<2,Identifier> = 'start',
    Token<2,Equal> = '=',
    Token<2,Identifier> = 'reltime',
    Token<2,LeftParen> = '(',
    Token<2,RightParen> = ')',
    Token<3,NewLine> = '\n',
    Token<4,NewLine> = '\n',
    Token<4,CommandDef> = 'def',
    Token<4,Identifier> = 'VimNew',
    Token<4,LeftParen> = '(',
    Token<4,RightParen> = ')',
    Token<4,Colon> = ':',
    Token<4,Identifier> = 'number',
    Token<5,NewLine> = '\n',
    Token<5,CommandVar> = 'var',
    Token<5,Identifier> = 'sum',
    Token<5,Equal> = '=',
    Token<5,Number> = '1',
    Token<6,NewLine> = '\n',
    Token<7,NewLine> = '\n',
    Token<7,CommandFor> = 'for',
    Token<7,Identifier> = 'i',
    Token<7,Identifier> = 'in',
    Token<7,Identifier> = 'range',
    Token<7,LeftParen> = '(',
    Token<7,Number> = '1',
    Token<7,Comma> = ',',
    Token<7,Number> = '2999999',
    Token<7,RightParen> = ')',
    Token<8,NewLine> = '\n',
    Token<8,Identifier> = 'sum',
    Token<8,Equal> = '=',
    Token<8,Identifier> = 'sum',
    Token<8,Plus> = '+',
    Token<8,Identifier> = 'i',
    Token<9,NewLine> = '\n',
    Token<9,CommandEndFor> = 'endfor',
    Token<10,NewLine> = '\n',
    Token<11,NewLine> = '\n',
    Token<11,CommandReturn> = 'return',
    Token<11,Identifier> = 'sum',
    Token<12,NewLine> = '\n',
    Token<12,CommandEndDef> = 'enddef',
    Token<13,NewLine> = '\n',
    Token<14,NewLine> = '\n',
    Token<14,CommandVar> = 'var',
    Token<14,Identifier> = 'sum',
    Token<14,Equal> = '=',
    Token<14,Identifier> = 'VimNew',
    Token<14,LeftParen> = '(',
    Token<14,RightParen> = ')',
    Token<15,NewLine> = '\n',
]
