---
source: crates/vim9-gen/src/lib.rs
assertion_line: 850
expression: "generate(contents, false)"
---
-- vim9script

vim.api.nvim_create_augroup("matchparen", { clear = false })

vim.api.nvim_create_autocmd({ "CursorMoved", "CursorMovedI", "WinEnter" }, {
	group = "matchparen",
	callback = function()
		-- Token(EndOfLine, "\n", (3,48)->(3,48))
		print("Block")
	end,
})

-- Token(EndOfLine, "\n", (6,0)->(6,0))

vim.api.nvim_create_autocmd({ "WinLeave" }, {
	group = "matchparen",
	callback = function()
		print("Command")
	end,
})

-- Token(EndOfLine, "\n", (9,0)->(9,0))
local x = vim.fn["len"](vim.api.nvim_get_autocmds({ group = "matchparen" }))

