---
source: crates/vim9-gen/src/lib.rs
assertion_line: 800
expression: "generate(contents, false)"
---
local __VIM9_MODULE = {}
-- vim9script

local ReturnsFive = function()
  return 5
end
__VIM9_MODULE["ReturnsFive"] = ReturnsFive
return __VIM9_MODULE

